Type: LSM
Group: HomeScreenShown
Start time: 51.43
Process                        MsgID                     Time(s)  +Diff(s)  Extra
surface-manager-starfish       IM_KEY_INPUT              0.0      +0.0      key_value:0 key_code:773
surface-manager-starfish       HOME_LAUNCHER_SHOWN       0.023    +0.023    TIME:21 UNIT:ms
surface-manager-starfish       HOME_WEDGE_SHOWN          0.266    +0.243    
Elapsed time (s) : 0.266

Type: AppLaunch
Group: com.palm.app.settings
Start time: 55.84
Process                        MsgID                     Time(s)  +Diff(s)  Extra
surface-manager-starfish       IM_KEY_INPUT              0.0      +0.0      key_value:0 key_code:272
sam                            APP_LAUNCH                0.014    +0.014    status:start_prelaunching
sam                            APP_LAUNCH                0.014    +0.0      status:start_memory_checking
sam                            APP_LAUNCH                0.017    +0.003    status:start_launching
WebAppMgr                      APPLAUNCH_START           0.017    +0.0      APP_ID:com.palm.app.settings
WebAppMgr                      APP_ATTACHED_TO_CONTAINER 0.019    +0.002    APP_ID:com.palm.app.settings PID:3318
sam                            GET_FOREGROUND_APPINFO    1.507    +1.488    
sam                            GET_FOREGROUND_APPINFO    1.507    +0.0      
WebAppMgr                      WINDOW_FOCUSIN            1.539    +0.032    APP_ID:com.palm.app.settings
Elapsed time (s) : 1.539

