Type: AppLaunch
Group: com.webos.app.discovery
Start time: 22644.60
Process                        MsgID                     Time(s)  +Diff(s)  Extra
surface-manager-starfish       IM_KEY_INPUT              0.0      +0.0      key_value:0 key_code:272
sam                            APP_LAUNCH                0.03     +0.03     status:start_prelaunching
sam                            APP_LAUNCH                0.043    +0.013    status:start_memory_checking
sam                            APP_LAUNCH                0.044    +0.001    status:start_launching
WebAppMgr                      APPLAUNCH_START           0.045    +0.001    APP_ID:com.webos.app.discovery
WebAppMgr                      APP_ATTACHED_TO_CONTAINER 0.047    +0.002    APP_ID:com.webos.app.discovery PID:14242
WebAppMgr                      APPLOADED                 3.403    +3.356    APP_ID:com.webos.app.discovery URL:https://kr.lgrecommends.lgappstv.com/discovery_2016/discovery.html?q=%7B%22returnValue%22%3Atrue%2C%22header%22%3A%22%22%2C%22HOST%22%3A%22KR.lgtvsdp.com%22%2C%22X-Device-Language%22%3A%22ko-KR%22%2C%22X-Device-FW-Version%22%3A%2200.00.00%22%2C%22X-Device- ... 3A%22HE_DTV_W16M_AFADATAA%22%2C%22X-Device-Eco-Info%22%3A%221%22%2C%22X-Device-Product%22%3A%22webOSTV+3.0%22%2C%22X-Device-Platform%22%3A%22W16M%22%2C%22X-Device-Publish-Flag%22%3A%22Y%22%2C%22X-Device-Sales-Model%22%3A%22WEBOS3%22%7D&page=store&fast=true PID:14242
sam                            GET_FOREGROUND_APPINFO    3.499    +0.096    
WebAppMgr                      WINDOW_FOCUSIN            3.537    +0.038    APP_ID:com.webos.app.discovery
Elapsed time (s) : 3.537

