Type: LSM
Group: HomeScreenShown
Start time: 74.81
Process                        MsgID                     Time(s)  +Diff(s)  Extra
surface-manager-starfish       IM_KEY_INPUT              0.0      +0.0      key_value:0 key_code:773
surface-manager-starfish       HOME_LAUNCHER_SHOWN       0.022    +0.022    TIME:20 UNIT:ms
surface-manager-starfish       HOME_WEDGE_SHOWN          0.782    +0.76     
Elapsed time (s) : 0.782

Type: AppLaunch
Group: com.palm.app.settings
Start time: 80.65
Process                        MsgID                     Time(s)  +Diff(s)  Extra
surface-manager-starfish       IM_KEY_INPUT              0.0      +0.0      key_value:0 key_code:272
sam                            APP_LAUNCH                0.006    +0.006    status:start_prelaunching
sam                            APP_LAUNCH                0.007    +0.001    status:start_memory_checking
sam                            APP_LAUNCH                0.01     +0.003    status:start_launching
WebAppMgr                      APPLAUNCH_START           0.011    +0.001    APP_ID:com.palm.app.settings
WebAppMgr                      APP_ATTACHED_TO_CONTAINER 0.013    +0.002    APP_ID:com.palm.app.settings PID:3354
sam                            GET_FOREGROUND_APPINFO    1.535    +1.522    
sam                            GET_FOREGROUND_APPINFO    1.535    +0.0      
WebAppMgr                      WINDOW_FOCUSIN            1.56     +0.025    APP_ID:com.palm.app.settings
Elapsed time (s) : 1.560

